_f, _f, _f, _f, _f, _f, _f, _f, _f, _f, _f, _f, _f, _f, _f, _f, _f, _f, _f, _f, _f
_f, _f, _f, _f, _f, _f, _f, _f, _f, _f, _f, _f, _f, _f, _f, _f, _f, _f, _f, _f, _f
_f, _f, _f, _f, _f, _f, _f, _f, _f, _f, Gd, _f, _f, _f, _f, _f, _f, _f, _f, _f, _f
_f, _f, _f, _f, _f, _f, Gd, Gd, Gd, Gd, Gd, Gd, Gd, Gd, Gd, _f, _f, _f, _f, _f, _f
_f, _f, _f, _f, _f, Gd, Gd, Gd, Gd, Gd, Ce, Gd, Gd, Gd, Gd, Gd, _f, _f, _f, _f, _f
_f, _f, _f, _f, Gd, Gd, Gd, Gd, Gd, Ce, Re, Re, Re, Gd, Gd, Gd, Gd, _f, _f, _f, _f
_f, _f, _f, _f, Gd, Gd, 2 Ke, Ce, Ce, Re, Gd^Vdt, Gd, Re, Ce, Ce, Gd, Gd, _f, _f, _f, _f
_f, _f, _f, Gd, Gd, Gd, Ce, Ce, Re, Re, Gd, Gd, Gd^Vdt, Re, Re, Gd, Gd, Gd, _f, _f, _f
_f, _f, _f, Gd, Gd, Gd, Re, Ce, Re, Gd^Vdt, 3 Ce, Gd, Re, Re, Re, Re^Ecf, Gd, Gd, _f, _f, _f
_f, _f, _f, Gd, Gd, Re^Ecf, Re, Re, Gd^Vdt, Gd, Gd, Gd^Vdt, Re, Ce, Ce, Gd, Gd, Gd, _f, _f, _f
_f, _f, _f, Gd, Gd, Gd, Ce, Re, Re, Gd, Gd^Vdt, Re, Ce, Ce, 1 Ke, Gd, Gd, Gd, _f, _f, _f
_f, _f, _f, _f, Gd, Gd, Gd, Ce, Re, Gd, Re, Re, Gd, Ce, Gd, Gd, Gd, _f, _f, _f, _f
_f, _f, _f, _f, _f, Gd, Gd, Gd, Gd, Re, Ce, Ce, Gd, Gd, Gd, Gd, _f, _f, _f, _f, _f
_f, _f, _f, _f, _f, Gd, Gd, Gd, Gd, Gd, Gd, Gd, Gd, Gd, Gd, Gd, _f, _f, _f, _f, _f
_f, _f, _f, _f, _f, _f, _f, Gd, _f, Gd, Gd, Gd, _f, Gd, _f, _f, _f, _f, _f, _f, _f
_f, _f, _f, _f, _f, _f, _f, _f, _f, _f, _f, _f, _f, _f, _f, _f, _f, _f, _f, _f, _f
_f, _f, _f, _f, Gg, _f, _f, _f, _f, _f, _f, _f, _f, _f, _f, _f, _f, _f, Gg, _f, Gg
